map    /home/cgt24/work/dataset/rosBagFiles/mulran/kaist001
query  /home/cgt24/work/dataset/rosBagFiles/mulran/kaist002
tile   radius=80.000000 voxel=0.500000 grid=24.000000 min_frames=20
ransac budget=10000 top_k=10 min_inlier=0.250000 threads=16
config 0  icp_d4_i120  threads=1 (PCL ICP is single threaded)  target=tile  polish_points=0
config 1  icp_d4_i120_p5000  threads=1 (PCL ICP is single threaded)  target=tile  polish_points=5000
config 2  icp_d4_i120_p2000  threads=1 (PCL ICP is single threaded)  target=tile  polish_points=2000
config 3  icp_d4_i120_p1000  threads=1 (PCL ICP is single threaded)  target=tile  polish_points=1000
config 4  gicp_d4_i120  threads=16  target=tile  polish_points=0
config 5  gicp_d4_i120_p5000  threads=16  target=tile  polish_points=5000
config 6  gicp_d4_i120_p2000  threads=16  target=tile  polish_points=2000
config 7  gicp_d4_i120_p1000  threads=16  target=tile  polish_points=1000
config 8  ndt_r3_i120  threads=16  target=tile  polish_points=0
config 9  ndt_r3_i120_p5000  threads=16  target=tile  polish_points=5000
config 10  ndt_r3_i120_p2000  threads=16  target=tile  polish_points=2000
config 11  ndt_r3_i120_p1000  threads=16  target=tile  polish_points=1000
map frames 8226 (8046 posed), query frames 8941 (8850 posed)
evaluating 61 query frames (stride 146)
  tile [48.0, -120.0] 528 frames, 219318 pts, 5231ms
  tile [0.0, -24.0] 617 frames, 257232 pts, 6478ms
  tile [-48.0, 72.0] 751 frames, 277294 pts, 7185ms
  tile [-120.0, 192.0] 936 frames, 292436 pts, 7679ms
  tile [-192.0, 264.0] 958 frames, 326376 pts, 8633ms
[2/2 polish-points]  5/61  elapsed 493s  eta 5521s  tiles 5 (0 thin)
    icp_d4_i120          pass 100.0%  >=10m 0.0%  p50 0.67m  p90 1.70m  polish 11325ms
    icp_d4_i120_p5000    pass 100.0%  >=10m 0.0%  p50 0.70m  p90 1.79m  polish 4608ms
    icp_d4_i120_p2000    pass 100.0%  >=10m 0.0%  p50 0.63m  p90 1.77m  polish 1973ms
    icp_d4_i120_p1000    pass 100.0%  >=10m 0.0%  p50 0.69m  p90 1.90m  polish 966ms
    gicp_d4_i120         pass 100.0%  >=10m 0.0%  p50 0.19m  p90 1.33m  polish 13675ms
    gicp_d4_i120_p5000   pass 100.0%  >=10m 0.0%  p50 0.18m  p90 1.13m  polish 13401ms
    gicp_d4_i120_p2000   pass 100.0%  >=10m 0.0%  p50 0.23m  p90 0.94m  polish 16054ms
    gicp_d4_i120_p1000   pass 100.0%  >=10m 0.0%  p50 0.29m  p90 1.15m  polish 15317ms
    ndt_r3_i120          pass 100.0%  >=10m 0.0%  p50 0.32m  p90 0.55m  polish 4457ms
    ndt_r3_i120_p5000    pass 100.0%  >=10m 0.0%  p50 0.33m  p90 0.62m  polish 3623ms
    ndt_r3_i120_p2000    pass 100.0%  >=10m 0.0%  p50 0.25m  p90 0.60m  polish 2528ms
    ndt_r3_i120_p1000    pass 100.0%  >=10m 0.0%  p50 0.27m  p90 0.75m  polish 2209ms
  tile [-96.0, 312.0] 1104 frames, 321922 pts, 8774ms
  tile [-24.0, 312.0] 918 frames, 262121 pts, 6912ms
  tile [72.0, 264.0] 696 frames, 273520 pts, 7061ms
  tile [192.0, 264.0] 329 frames, 188020 pts, 3853ms
  tile [312.0, 288.0] 350 frames, 158664 pts, 3453ms
[2/2 polish-points]  10/61  elapsed 904s  eta 4611s  tiles 10 (0 thin)
    icp_d4_i120          pass 90.0%  >=10m 0.0%  p50 0.67m  p90 2.04m  polish 10967ms
    icp_d4_i120_p5000    pass 90.0%  >=10m 0.0%  p50 0.70m  p90 2.05m  polish 4528ms
    icp_d4_i120_p2000    pass 90.0%  >=10m 0.0%  p50 0.67m  p90 2.02m  polish 1916ms
    icp_d4_i120_p1000    pass 90.0%  >=10m 0.0%  p50 0.66m  p90 2.10m  polish 973ms
    gicp_d4_i120         pass 90.0%  >=10m 0.0%  p50 0.24m  p90 2.02m  polish 12294ms
    gicp_d4_i120_p5000   pass 90.0%  >=10m 0.0%  p50 0.24m  p90 2.05m  polish 11743ms
    gicp_d4_i120_p2000   pass 100.0%  >=10m 0.0%  p50 0.63m  p90 2.00m  polish 14404ms
    gicp_d4_i120_p1000   pass 90.0%  >=10m 0.0%  p50 0.62m  p90 2.08m  polish 12726ms
    ndt_r3_i120          pass 90.0%  >=10m 0.0%  p50 0.50m  p90 2.06m  polish 4194ms
    ndt_r3_i120_p5000    pass 90.0%  >=10m 0.0%  p50 0.43m  p90 2.05m  polish 3467ms
    ndt_r3_i120_p2000    pass 90.0%  >=10m 0.0%  p50 0.51m  p90 2.07m  polish 2726ms
    ndt_r3_i120_p1000    pass 90.0%  >=10m 0.0%  p50 0.36m  p90 2.07m  polish 2552ms
  tile [360.0, 192.0] 418 frames, 212491 pts, 4731ms
  tile [432.0, 168.0] 389 frames, 202322 pts, 4355ms
  tile [504.0, 240.0] 197 frames, 175430 pts, 3325ms
  tile [600.0, 192.0] 175 frames, 170683 pts, 3124ms
  tile [672.0, 96.0] 182 frames, 111710 pts, 2000ms
[2/2 polish-points]  15/61  elapsed 1284s  eta 3938s  tiles 15 (0 thin)
    icp_d4_i120          pass 93.3%  >=10m 0.0%  p50 0.64m  p90 1.70m  polish 10360ms
    icp_d4_i120_p5000    pass 93.3%  >=10m 0.0%  p50 0.70m  p90 1.79m  polish 4410ms
    icp_d4_i120_p2000    pass 93.3%  >=10m 0.0%  p50 0.67m  p90 1.77m  polish 1864ms
    icp_d4_i120_p1000    pass 93.3%  >=10m 0.0%  p50 0.66m  p90 1.90m  polish 940ms
    gicp_d4_i120         pass 93.3%  >=10m 0.0%  p50 0.61m  p90 1.54m  polish 12277ms
    gicp_d4_i120_p5000   pass 93.3%  >=10m 0.0%  p50 0.60m  p90 1.53m  polish 11390ms
    gicp_d4_i120_p2000   pass 100.0%  >=10m 0.0%  p50 0.59m  p90 1.52m  polish 14052ms
    gicp_d4_i120_p1000   pass 93.3%  >=10m 0.0%  p50 0.65m  p90 1.52m  polish 11551ms
    ndt_r3_i120          pass 93.3%  >=10m 0.0%  p50 0.55m  p90 1.55m  polish 3855ms
    ndt_r3_i120_p5000    pass 93.3%  >=10m 0.0%  p50 0.45m  p90 1.55m  polish 3256ms
    ndt_r3_i120_p2000    pass 93.3%  >=10m 0.0%  p50 0.51m  p90 1.55m  polish 2560ms
    ndt_r3_i120_p1000    pass 93.3%  >=10m 0.0%  p50 0.51m  p90 1.56m  polish 2317ms
  tile [600.0, 24.0] 214 frames, 142679 pts, 2812ms
  tile [528.0, 72.0] 366 frames, 125887 pts, 2904ms
  tile [480.0, 24.0] 511 frames, 211274 pts, 4605ms
  tile [456.0, -72.0] 353 frames, 177485 pts, 3915ms
  tile [336.0, -168.0] 417 frames, 253797 pts, 6129ms
[2/2 polish-points]  20/61  elapsed 1699s  eta 3484s  tiles 20 (0 thin)
    icp_d4_i120          pass 95.0%  >=10m 0.0%  p50 0.67m  p90 1.70m  polish 10656ms
    icp_d4_i120_p5000    pass 95.0%  >=10m 0.0%  p50 0.70m  p90 1.79m  polish 4735ms
    icp_d4_i120_p2000    pass 95.0%  >=10m 0.0%  p50 0.67m  p90 1.77m  polish 1993ms
    icp_d4_i120_p1000    pass 95.0%  >=10m 0.0%  p50 0.66m  p90 1.90m  polish 985ms
    gicp_d4_i120         pass 95.0%  >=10m 0.0%  p50 0.64m  p90 1.54m  polish 11973ms
    gicp_d4_i120_p5000   pass 95.0%  >=10m 0.0%  p50 0.63m  p90 1.53m  polish 11549ms
    gicp_d4_i120_p2000   pass 100.0%  >=10m 0.0%  p50 0.66m  p90 1.52m  polish 13401ms
    gicp_d4_i120_p1000   pass 95.0%  >=10m 0.0%  p50 0.69m  p90 1.52m  polish 11425ms
    ndt_r3_i120          pass 95.0%  >=10m 0.0%  p50 0.55m  p90 1.55m  polish 3767ms
    ndt_r3_i120_p5000    pass 95.0%  >=10m 0.0%  p50 0.62m  p90 1.55m  polish 3179ms
    ndt_r3_i120_p2000    pass 95.0%  >=10m 0.0%  p50 0.60m  p90 1.55m  polish 2591ms
    ndt_r3_i120_p1000    pass 95.0%  >=10m 0.0%  p50 0.63m  p90 1.56m  polish 2354ms
  tile [264.0, -216.0] 274 frames, 233953 pts, 4595ms
  tile [144.0, -240.0] 463 frames, 253964 pts, 5640ms
  tile [96.0, -168.0] 610 frames, 270040 pts, 5924ms
  tile [24.0, -48.0] 566 frames, 234705 pts, 5865ms
  tile [-24.0, 48.0] 717 frames, 301272 pts, 7510ms
[2/2 polish-points]  25/61  elapsed 2102s  eta 3027s  tiles 25 (0 thin)
    icp_d4_i120          pass 96.0%  >=10m 0.0%  p50 0.67m  p90 1.51m  polish 10331ms
    icp_d4_i120_p5000    pass 96.0%  >=10m 0.0%  p50 0.70m  p90 1.52m  polish 4579ms
    icp_d4_i120_p2000    pass 96.0%  >=10m 0.0%  p50 0.66m  p90 1.50m  polish 1932ms
    icp_d4_i120_p1000    pass 96.0%  >=10m 0.0%  p50 0.66m  p90 1.55m  polish 976ms
    gicp_d4_i120         pass 96.0%  >=10m 0.0%  p50 0.62m  p90 1.33m  polish 11742ms
    gicp_d4_i120_p5000   pass 96.0%  >=10m 0.0%  p50 0.57m  p90 1.18m  polish 11588ms
    gicp_d4_i120_p2000   pass 100.0%  >=10m 0.0%  p50 0.63m  p90 1.11m  polish 12647ms
    gicp_d4_i120_p1000   pass 96.0%  >=10m 0.0%  p50 0.62m  p90 1.24m  polish 11796ms
    ndt_r3_i120          pass 96.0%  >=10m 0.0%  p50 0.52m  p90 1.22m  polish 3805ms
    ndt_r3_i120_p5000    pass 96.0%  >=10m 0.0%  p50 0.45m  p90 1.20m  polish 3177ms
    ndt_r3_i120_p2000    pass 96.0%  >=10m 0.0%  p50 0.51m  p90 1.21m  polish 2605ms
    ndt_r3_i120_p1000    pass 96.0%  >=10m 0.0%  p50 0.51m  p90 1.21m  polish 2373ms
  tile [-120.0, 168.0] 852 frames, 306784 pts, 8002ms
  tile [-192.0, 264.0] 958 frames, 326376 pts, 9032ms
  tile [-120.0, 312.0] 1075 frames, 323752 pts, 8382ms
  tile [-48.0, 336.0] 927 frames, 293722 pts, 6694ms
  tile [0.0, 288.0] 608 frames, 203247 pts, 4160ms
[2/2 polish-points]  30/61  elapsed 2567s  eta 2653s  tiles 30 (0 thin)
    icp_d4_i120          pass 93.3%  >=10m 0.0%  p50 0.67m  p90 1.70m  polish 10510ms
    icp_d4_i120_p5000    pass 93.3%  >=10m 0.0%  p50 0.68m  p90 1.79m  polish 4654ms
    icp_d4_i120_p2000    pass 93.3%  >=10m 0.0%  p50 0.66m  p90 1.77m  polish 1939ms
    icp_d4_i120_p1000    pass 93.3%  >=10m 3.3%  p50 0.61m  p90 1.90m  polish 1004ms
    gicp_d4_i120         pass 96.7%  >=10m 0.0%  p50 0.61m  p90 1.33m  polish 11990ms
    gicp_d4_i120_p5000   pass 96.7%  >=10m 0.0%  p50 0.40m  p90 1.18m  polish 11776ms
    gicp_d4_i120_p2000   pass 100.0%  >=10m 0.0%  p50 0.49m  p90 1.11m  polish 12449ms
    gicp_d4_i120_p1000   pass 96.7%  >=10m 0.0%  p50 0.40m  p90 1.24m  polish 12338ms
    ndt_r3_i120          pass 96.7%  >=10m 0.0%  p50 0.52m  p90 1.22m  polish 3839ms
    ndt_r3_i120_p5000    pass 93.3%  >=10m 0.0%  p50 0.48m  p90 1.55m  polish 3178ms
    ndt_r3_i120_p2000    pass 93.3%  >=10m 0.0%  p50 0.51m  p90 1.55m  polish 2626ms
    ndt_r3_i120_p1000    pass 93.3%  >=10m 3.3%  p50 0.51m  p90 1.56m  polish 2366ms
  tile [48.0, 264.0] 683 frames, 228747 pts, 5100ms
  tile [96.0, 240.0] 678 frames, 291314 pts, 6526ms
  tile [168.0, 240.0] 591 frames, 282939 pts, 5960ms
  tile [240.0, 288.0] 363 frames, 160559 pts, 3206ms
  tile [312.0, 264.0] 393 frames, 175180 pts, 3369ms
[2/2 polish-points]  35/61  elapsed 2909s  eta 2161s  tiles 35 (0 thin)
    icp_d4_i120          pass 91.4%  >=10m 0.0%  p50 0.67m  p90 1.70m  polish 10551ms
    icp_d4_i120_p5000    pass 91.4%  >=10m 0.0%  p50 0.68m  p90 1.79m  polish 4672ms
    icp_d4_i120_p2000    pass 91.4%  >=10m 0.0%  p50 0.66m  p90 1.77m  polish 1951ms
    icp_d4_i120_p1000    pass 91.4%  >=10m 2.9%  p50 0.61m  p90 1.90m  polish 1008ms
    gicp_d4_i120         pass 94.3%  >=10m 0.0%  p50 0.62m  p90 1.33m  polish 11226ms
    gicp_d4_i120_p5000   pass 94.3%  >=10m 0.0%  p50 0.57m  p90 1.18m  polish 10926ms
    gicp_d4_i120_p2000   pass 97.1%  >=10m 0.0%  p50 0.59m  p90 1.11m  polish 12229ms
    gicp_d4_i120_p1000   pass 94.3%  >=10m 0.0%  p50 0.48m  p90 1.24m  polish 11647ms
    ndt_r3_i120          pass 94.3%  >=10m 0.0%  p50 0.52m  p90 1.22m  polish 3850ms
    ndt_r3_i120_p5000    pass 91.4%  >=10m 0.0%  p50 0.51m  p90 1.55m  polish 3203ms
    ndt_r3_i120_p2000    pass 91.4%  >=10m 0.0%  p50 0.51m  p90 1.55m  polish 2668ms
    ndt_r3_i120_p1000    pass 91.4%  >=10m 2.9%  p50 0.53m  p90 1.56m  polish 2422ms
  tile [360.0, 192.0] 418 frames, 212491 pts, 4637ms
  tile [384.0, 168.0] 410 frames, 217597 pts, 4321ms
  tile [456.0, 48.0] 429 frames, 137405 pts, 2984ms
  tile [480.0, -48.0] 375 frames, 167958 pts, 3555ms
  tile [408.0, -120.0] 324 frames, 194269 pts, 4133ms
[2/2 polish-points]  40/61  elapsed 3326s  eta 1746s  tiles 40 (0 thin)
    icp_d4_i120          pass 90.0%  >=10m 2.5%  p50 0.70m  p90 2.02m  polish 10490ms
    icp_d4_i120_p5000    pass 90.0%  >=10m 2.5%  p50 0.70m  p90 2.05m  polish 4708ms
    icp_d4_i120_p2000    pass 90.0%  >=10m 2.5%  p50 0.70m  p90 2.02m  polish 1960ms
    icp_d4_i120_p1000    pass 90.0%  >=10m 5.0%  p50 0.69m  p90 2.10m  polish 1002ms
    gicp_d4_i120         pass 95.0%  >=10m 0.0%  p50 0.64m  p90 1.33m  polish 11391ms
    gicp_d4_i120_p5000   pass 95.0%  >=10m 0.0%  p50 0.60m  p90 1.19m  polish 11146ms
    gicp_d4_i120_p2000   pass 97.5%  >=10m 0.0%  p50 0.66m  p90 1.14m  polish 12391ms
    gicp_d4_i120_p1000   pass 95.0%  >=10m 0.0%  p50 0.65m  p90 1.24m  polish 11708ms
    ndt_r3_i120          pass 95.0%  >=10m 0.0%  p50 0.55m  p90 1.22m  polish 3751ms
    ndt_r3_i120_p5000    pass 92.5%  >=10m 0.0%  p50 0.57m  p90 1.55m  polish 3107ms
    ndt_r3_i120_p2000    pass 90.0%  >=10m 2.5%  p50 0.60m  p90 2.07m  polish 2597ms
    ndt_r3_i120_p1000    pass 90.0%  >=10m 5.0%  p50 0.61m  p90 2.07m  polish 2344ms
  tile [312.0, -168.0] 421 frames, 272319 pts, 5903ms
  tile [264.0, -72.0] 156 frames, 133306 pts, 2037ms
  tile [216.0, 24.0] 312 frames, 209561 pts, 4411ms
  tile [264.0, 72.0] 214 frames, 134982 pts, 2594ms
  tile [336.0, 120.0] 225 frames, 82849 pts, 1752ms
[2/2 polish-points]  45/61  elapsed 3739s  eta 1329s  tiles 45 (0 thin)
    icp_d4_i120          pass 88.9%  >=10m 4.4%  p50 0.72m  p90 2.02m  polish 10427ms
    icp_d4_i120_p5000    pass 88.9%  >=10m 4.4%  p50 0.73m  p90 2.05m  polish 4666ms
    icp_d4_i120_p2000    pass 88.9%  >=10m 4.4%  p50 0.81m  p90 2.02m  polish 1916ms
    icp_d4_i120_p1000    pass 88.9%  >=10m 6.7%  p50 0.72m  p90 2.10m  polish 975ms
    gicp_d4_i120         pass 93.3%  >=10m 2.2%  p50 0.67m  p90 1.45m  polish 11656ms
    gicp_d4_i120_p5000   pass 93.3%  >=10m 2.2%  p50 0.63m  p90 1.43m  polish 11211ms
    gicp_d4_i120_p2000   pass 95.6%  >=10m 2.2%  p50 0.66m  p90 1.42m  polish 12440ms
    gicp_d4_i120_p1000   pass 93.3%  >=10m 2.2%  p50 0.68m  p90 1.39m  polish 11865ms
    ndt_r3_i120          pass 93.3%  >=10m 2.2%  p50 0.60m  p90 1.40m  polish 3697ms
    ndt_r3_i120_p5000    pass 91.1%  >=10m 2.2%  p50 0.62m  p90 1.55m  polish 3081ms
    ndt_r3_i120_p2000    pass 88.9%  >=10m 4.4%  p50 0.62m  p90 2.07m  polish 2550ms
    ndt_r3_i120_p1000    pass 88.9%  >=10m 6.7%  p50 0.68m  p90 2.07m  polish 2299ms
  tile [384.0, 168.0] 410 frames, 217597 pts, 4740ms
  tile [312.0, 288.0] 350 frames, 158664 pts, 3439ms
  tile [216.0, 264.0] 327 frames, 176882 pts, 3595ms
  tile [120.0, 240.0] 667 frames, 302018 pts, 7319ms
  tile [120.0, 192.0] 561 frames, 191865 pts, 3668ms
[2/2 polish-points]  50/61  elapsed 4156s  eta 914s  tiles 50 (0 thin)
    icp_d4_i120          pass 88.0%  >=10m 4.0%  p50 0.84m  p90 2.04m  polish 10457ms
    icp_d4_i120_p5000    pass 88.0%  >=10m 4.0%  p50 0.87m  p90 2.09m  polish 4671ms
    icp_d4_i120_p2000    pass 88.0%  >=10m 4.0%  p50 0.87m  p90 2.06m  polish 1914ms
    icp_d4_i120_p1000    pass 88.0%  >=10m 6.0%  p50 0.84m  p90 2.10m  polish 971ms
    gicp_d4_i120         pass 92.0%  >=10m 2.0%  p50 0.75m  p90 1.54m  polish 11510ms
    gicp_d4_i120_p5000   pass 92.0%  >=10m 2.0%  p50 0.65m  p90 1.53m  polish 11065ms
    gicp_d4_i120_p2000   pass 94.0%  >=10m 2.0%  p50 0.70m  p90 1.52m  polish 12739ms
    gicp_d4_i120_p1000   pass 92.0%  >=10m 2.0%  p50 0.72m  p90 1.52m  polish 11902ms
    ndt_r3_i120          pass 92.0%  >=10m 2.0%  p50 0.64m  p90 1.55m  polish 3684ms
    ndt_r3_i120_p5000    pass 90.0%  >=10m 2.0%  p50 0.68m  p90 2.02m  polish 3080ms
    ndt_r3_i120_p2000    pass 88.0%  >=10m 4.0%  p50 0.73m  p90 2.07m  polish 2569ms
    ndt_r3_i120_p1000    pass 88.0%  >=10m 6.0%  p50 0.75m  p90 2.07m  polish 2299ms
  tile [168.0, 120.0] 202 frames, 139777 pts, 2437ms
  tile [240.0, 72.0] 281 frames, 177986 pts, 3810ms
  tile [192.0, 24.0] 312 frames, 187696 pts, 3638ms
  tile [264.0, -72.0] 156 frames, 133306 pts, 2081ms
  tile [312.0, -168.0] 421 frames, 272319 pts, 6209ms
[2/2 polish-points]  55/61  elapsed 4548s  eta 496s  tiles 55 (0 thin)
    icp_d4_i120          pass 85.5%  >=10m 3.6%  p50 0.88m  p90 2.05m  polish 10447ms
    icp_d4_i120_p5000    pass 85.5%  >=10m 3.6%  p50 0.91m  p90 2.16m  polish 4628ms
    icp_d4_i120_p2000    pass 85.5%  >=10m 3.6%  p50 0.88m  p90 2.10m  polish 1898ms
    icp_d4_i120_p1000    pass 85.5%  >=10m 5.5%  p50 0.86m  p90 2.17m  polish 966ms
    gicp_d4_i120         pass 90.9%  >=10m 1.8%  p50 0.83m  p90 1.64m  polish 11623ms
    gicp_d4_i120_p5000   pass 90.9%  >=10m 1.8%  p50 0.77m  p90 1.65m  polish 10953ms
    gicp_d4_i120_p2000   pass 90.9%  >=10m 1.8%  p50 0.78m  p90 2.00m  polish 12658ms
    gicp_d4_i120_p1000   pass 89.1%  >=10m 1.8%  p50 0.86m  p90 2.08m  polish 11789ms
    ndt_r3_i120          pass 90.9%  >=10m 1.8%  p50 0.67m  p90 1.76m  polish 3693ms
    ndt_r3_i120_p5000    pass 89.1%  >=10m 1.8%  p50 0.73m  p90 2.02m  polish 3083ms
    ndt_r3_i120_p2000    pass 87.3%  >=10m 3.6%  p50 0.77m  p90 2.07m  polish 2556ms
    ndt_r3_i120_p1000    pass 87.3%  >=10m 5.5%  p50 0.80m  p90 2.07m  polish 2291ms
  tile [264.0, -216.0] 274 frames, 233953 pts, 4482ms
  tile [144.0, -240.0] 463 frames, 253964 pts, 5748ms
  tile [96.0, -192.0] 636 frames, 273980 pts, 6034ms
  tile [48.0, -120.0] 528 frames, 219318 pts, 4555ms
  tile [0.0, -24.0] 617 frames, 257232 pts, 6593ms
[2/2 polish-points]  60/61  elapsed 5005s  eta 83s  tiles 60 (0 thin)
    icp_d4_i120          pass 86.7%  >=10m 3.3%  p50 0.87m  p90 2.05m  polish 10593ms
    icp_d4_i120_p5000    pass 86.7%  >=10m 3.3%  p50 0.89m  p90 2.16m  polish 4659ms
    icp_d4_i120_p2000    pass 86.7%  >=10m 3.3%  p50 0.87m  p90 2.10m  polish 1911ms
    icp_d4_i120_p1000    pass 86.7%  >=10m 5.0%  p50 0.85m  p90 2.17m  polish 972ms
    gicp_d4_i120         pass 91.7%  >=10m 1.7%  p50 0.83m  p90 1.64m  polish 11690ms
    gicp_d4_i120_p5000   pass 91.7%  >=10m 1.7%  p50 0.78m  p90 1.65m  polish 11191ms
    gicp_d4_i120_p2000   pass 91.7%  >=10m 1.7%  p50 0.78m  p90 2.00m  polish 12590ms
    gicp_d4_i120_p1000   pass 90.0%  >=10m 1.7%  p50 0.85m  p90 2.08m  polish 11759ms
    ndt_r3_i120          pass 91.7%  >=10m 1.7%  p50 0.67m  p90 1.76m  polish 3773ms
    ndt_r3_i120_p5000    pass 90.0%  >=10m 1.7%  p50 0.71m  p90 2.02m  polish 3154ms
    ndt_r3_i120_p2000    pass 88.3%  >=10m 3.3%  p50 0.73m  p90 2.07m  polish 2616ms
    ndt_r3_i120_p1000    pass 88.3%  >=10m 5.0%  p50 0.75m  p90 2.07m  polish 2340ms
  tile [-24.0, 24.0] 693 frames, 281568 pts, 6589ms
[2/2 polish-points]  61/61  elapsed 5101s  eta 0s  tiles 61 (0 thin)
    icp_d4_i120          pass 86.9%  >=10m 3.3%  p50 0.84m  p90 2.04m  polish 10660ms
    icp_d4_i120_p5000    pass 86.9%  >=10m 3.3%  p50 0.87m  p90 2.09m  polish 4680ms
    icp_d4_i120_p2000    pass 86.9%  >=10m 3.3%  p50 0.87m  p90 2.06m  polish 1917ms
    icp_d4_i120_p1000    pass 86.9%  >=10m 4.9%  p50 0.84m  p90 2.10m  polish 974ms
    gicp_d4_i120         pass 91.8%  >=10m 1.6%  p50 0.78m  p90 1.58m  polish 11671ms
    gicp_d4_i120_p5000   pass 91.8%  >=10m 1.6%  p50 0.77m  p90 1.53m  polish 11251ms
    gicp_d4_i120_p2000   pass 91.8%  >=10m 1.6%  p50 0.77m  p90 1.60m  polish 12569ms
    gicp_d4_i120_p1000   pass 90.2%  >=10m 1.6%  p50 0.80m  p90 1.67m  polish 11746ms
    ndt_r3_i120          pass 91.8%  >=10m 1.6%  p50 0.64m  p90 1.59m  polish 3798ms
    ndt_r3_i120_p5000    pass 90.2%  >=10m 1.6%  p50 0.68m  p90 1.77m  polish 3179ms
    ndt_r3_i120_p2000    pass 88.5%  >=10m 3.3%  p50 0.73m  p90 2.02m  polish 2632ms
    ndt_r3_i120_p1000    pass 88.5%  >=10m 4.9%  p50 0.75m  p90 2.04m  polish 2343ms

=== summary (n=61) ===
config                   pass%   >=10m%      p50      p90  polish_ms  threads    bindsprep_ms/bind
icp_d4_i120               86.9      3.3     0.84     2.04      10660        1       61           0
icp_d4_i120_p5000         86.9      3.3     0.87     2.09       4680        1       61           0
icp_d4_i120_p2000         86.9      3.3     0.87     2.06       1917        1       61           0
icp_d4_i120_p1000         86.9      4.9     0.84     2.10        974        1       61           0
gicp_d4_i120              91.8      1.6     0.78     1.58      11671       16       61         106
gicp_d4_i120_p5000        91.8      1.6     0.77     1.53      11251       16       61         106
gicp_d4_i120_p2000        91.8      1.6     0.77     1.60      12569       16       61         106
gicp_d4_i120_p1000        90.2      1.6     0.80     1.67      11746       16       61         107
ndt_r3_i120               91.8      1.6     0.64     1.59       3798       16       61          10
ndt_r3_i120_p5000         90.2      1.6     0.68     1.77       3179       16       61           8
ndt_r3_i120_p2000         88.5      3.3     0.73     2.02       2632       16       61           8
ndt_r3_i120_p1000         88.5      4.9     0.75     2.04       2343       16       61           8
polish_ms excludes target preparation, which a robot pays once at map load.
wrote /home/cgt24/work/experiment_better_global_localization/out/exp4_polish_points.csv
